// Jest Snapshot v1, https://goo.gl/fbAQLP

exports[`Home Component renders correctly 1`] = `
<div
  className="MuiContainer-root MuiContainer-maxWidthLg"
  style={
    Object {
      "marginTop": 24,
    }
  }
>
  <div
    className="MuiGrid-root makeStyles-root-1 MuiGrid-container MuiGrid-spacing-xs-2"
  >
    <div
      className="MuiGrid-root MuiGrid-container MuiGrid-spacing-xs-4"
    >
      <div
        className="MuiGrid-root MuiGrid-item MuiGrid-grid-xs-12 MuiGrid-grid-lg-4"
      >
        <div
          className="MuiPaper-root makeStyles-workedHoursSummaryContainer-4 MuiPaper-elevation1 MuiPaper-rounded"
        >
          <p
            className="MuiTypography-root makeStyles-workedHoursSummaryValue-6 MuiTypography-body1"
          >
            00:00
          </p>
          <p
            className="MuiTypography-root makeStyles-workedHoursSummaryTitle-5 MuiTypography-body1"
          >
            Total Worked Hours
          </p>
          <svg
            aria-hidden={true}
            className="MuiSvgIcon-root makeStyles-arrowIcon-12"
            focusable="false"
            viewBox="0 0 24 24"
          >
            <path
              d="M13 3c-4.97 0-9 4.03-9 9H1l3.89 3.89.07.14L9 12H6c0-3.87 3.13-7 7-7s7 3.13 7 7-3.13 7-7 7c-1.93 0-3.68-.79-4.94-2.06l-1.42 1.42C8.27 19.99 10.51 21 13 21c4.97 0 9-4.03 9-9s-4.03-9-9-9zm-1 5v5l4.28 2.54.72-1.21-3.5-2.08V8H12z"
            />
          </svg>
        </div>
      </div>
      <div
        className="MuiGrid-root MuiGrid-item MuiGrid-grid-xs-6 MuiGrid-grid-lg-4"
      >
        <div
          className="MuiPaper-root makeStyles-summaryContainer-7 MuiPaper-elevation1 MuiPaper-rounded"
        >
          <p
            className="MuiTypography-root makeStyles-overtimeHoursSummaryValue-10 MuiTypography-body1"
          >
            00:00
          </p>
          <p
            className="MuiTypography-root makeStyles-summaryTitle-8 MuiTypography-body1"
          >
            Total Overtime Hours
          </p>
          <svg
            aria-hidden={true}
            className="MuiSvgIcon-root makeStyles-arrowIcon-12"
            focusable="false"
            viewBox="0 0 24 24"
          >
            <path
              d="M4 12l1.41 1.41L11 7.83V20h2V7.83l5.58 5.59L20 12l-8-8-8 8z"
            />
          </svg>
        </div>
      </div>
      <div
        className="MuiGrid-root MuiGrid-item MuiGrid-grid-xs-6 MuiGrid-grid-lg-4"
      >
        <div
          className="MuiPaper-root makeStyles-summaryContainer-7 MuiPaper-elevation1 MuiPaper-rounded"
        >
          <p
            className="MuiTypography-root makeStyles-undertimeHoursSummaryValue-11 MuiTypography-body1"
          >
            00:00
          </p>
          <p
            className="MuiTypography-root makeStyles-summaryTitle-8 MuiTypography-body1"
          >
            Total Undertime Hours
          </p>
          <svg
            aria-hidden={true}
            className="MuiSvgIcon-root makeStyles-arrowIcon-12"
            focusable="false"
            viewBox="0 0 24 24"
          >
            <path
              d="M20 12l-1.41-1.41L13 16.17V4h-2v12.17l-5.58-5.59L4 12l8 8 8-8z"
            />
          </svg>
        </div>
      </div>
      <div
        className="MuiGrid-root makeStyles-buttonContainer-3 MuiGrid-item MuiGrid-grid-xs-12"
      >
        <button
          className="MuiButtonBase-root MuiButton-root MuiButton-contained makeStyles-addButton-2 MuiButton-containedSizeSmall MuiButton-sizeSmall"
          disabled={false}
          onBlur={[Function]}
          onClick={[Function]}
          onDragLeave={[Function]}
          onFocus={[Function]}
          onKeyDown={[Function]}
          onKeyUp={[Function]}
          onMouseDown={[Function]}
          onMouseLeave={[Function]}
          onMouseUp={[Function]}
          onTouchEnd={[Function]}
          onTouchMove={[Function]}
          onTouchStart={[Function]}
          tabIndex={0}
          type="button"
        >
          <span
            className="MuiButton-label"
          >
            + Add
          </span>
        </button>
      </div>
      <div
        className="MuiGrid-root MuiGrid-item MuiGrid-grid-xs-12"
      >
        <div
          className="MuiPaper-root MuiTableContainer-root MuiPaper-elevation1 MuiPaper-rounded"
        >
          <table
            className="MuiTable-root"
            role={null}
          >
            <caption
              style={
                Object {
                  "backgroundColor": "rgb(143,125,238)",
                  "color": "#FFF",
                }
              }
            >
              You have 0  registers!
            </caption>
            <thead
              className="MuiTableHead-root"
              role={null}
            >
              <tr
                className="MuiTableRow-root MuiTableRow-head"
                role={null}
              >
                <th
                  aria-sort={null}
                  className="MuiTableCell-root MuiTableCell-head makeStyles-tableCellHeadOdd-14 MuiTableCell-alignCenter"
                  scope="col"
                >
                  Options
                </th>
                <th
                  aria-sort={null}
                  className="MuiTableCell-root MuiTableCell-head makeStyles-tableCellHeadOdd-14 MuiTableCell-alignCenter"
                  scope="col"
                >
                  Date
                </th>
                <th
                  aria-sort={null}
                  className="MuiTableCell-root MuiTableCell-head makeStyles-tableCellHeadOdd-14 MuiTableCell-alignCenter"
                  scope="col"
                >
                  Arrival
                </th>
                <th
                  aria-sort={null}
                  className="MuiTableCell-root MuiTableCell-head makeStyles-tableCellHeadOdd-14 MuiTableCell-alignCenter"
                  scope="col"
                >
                  Lunch Exit
                </th>
                <th
                  aria-sort={null}
                  className="MuiTableCell-root MuiTableCell-head makeStyles-tableCellHeadOdd-14 MuiTableCell-alignCenter"
                  scope="col"
                >
                  Lunch Arrival
                </th>
                <th
                  aria-sort={null}
                  className="MuiTableCell-root MuiTableCell-head makeStyles-tableCellHeadOdd-14 MuiTableCell-alignCenter"
                  scope="col"
                >
                  Exit
                </th>
                <th
                  aria-sort={null}
                  className="MuiTableCell-root MuiTableCell-head makeStyles-tableCellHeadOdd-14 MuiTableCell-alignCenter"
                  scope="col"
                >
                  Worked Hours
                </th>
                <th
                  aria-sort={null}
                  className="MuiTableCell-root MuiTableCell-head makeStyles-tableCellHeadOdd-14 MuiTableCell-alignCenter"
                  scope="col"
                >
                  Overtime
                </th>
                <th
                  aria-sort={null}
                  className="MuiTableCell-root MuiTableCell-head makeStyles-tableCellHeadOdd-14 MuiTableCell-alignCenter"
                  scope="col"
                >
                  Undertime
                </th>
              </tr>
            </thead>
            <tbody
              className="MuiTableBody-root"
              role={null}
            />
          </table>
        </div>
      </div>
    </div>
  </div>
</div>
`;
